============================= test session starts =============================
platform win32 -- Python 3.13.5, pytest-9.0.2, pluggy-1.6.0 -- C:\Users\ifead\Desktop\fincred\.venv\Scripts\python.exe
cachedir: .pytest_cache
rootdir: C:\Users\ifead\Desktop\fincred\backend
configfile: pytest.ini
plugins: anyio-4.12.1, asyncio-1.3.0
asyncio: mode=Mode.AUTO, debug=False, asyncio_default_fixture_loop_scope=None, asyncio_default_test_loop_scope=function
collecting ... collected 75 items / 1 error

=================================== ERRORS ====================================
_____ ERROR collecting tests/integration/test_goal_progress_endpoints.py ______
tests\integration\test_goal_progress_endpoints.py:50: in <module>
    def test_list_progress_history(client, session: Session, test_user, auth_headers):
                                                    ^^^^^^^
E   NameError: name 'Session' is not defined
        __builtins__ = <builtins>
        __cached__ = 'C:\\Users\\ifead\\Desktop\\fincred\\backend\\tests\\integration\\__pycache__\\test_goal_progress_endpoints.cpython-313.pyc'
        __doc__    = 'Integration tests for goal progress endpoints.'
        __file__   = 'C:\\Users\\ifead\\Desktop\\fincred\\backend\\tests\\integration\\test_goal_progress_endpoints.py'
        __loader__ = <_pytest.assertion.rewrite.AssertionRewritingHook object at 0x000001DF5BF701A0>
        __name__   = 'tests.integration.test_goal_progress_endpoints'
        __package__ = 'tests.integration'
        __spec__   = ModuleSpec(name='tests.integration.test_goal_progress_endpoints', loader=<_pytest.assertion.rewrite.AssertionRewriting...DF5BF701A0>, origin='C:\\Users\\ifead\\Desktop\\fincred\\backend\\tests\\integration\\test_goal_progress_endpoints.py')
        date       = <class 'datetime.date'>
        pytest     = <module 'pytest' from 'C:\\Users\\ifead\\Desktop\\fincred\\.venv\\Lib\\site-packages\\pytest\\__init__.py'>
        test_create_progress_record = <function test_create_progress_record at 0x000001DF60EB2CA0>
        timedelta  = <class 'datetime.timedelta'>
=========================== short test summary info ===========================
ERROR tests/integration/test_goal_progress_endpoints.py - NameError: name 'Se...
!!!!!!!!!!!!!!!!!!! Interrupted: 1 error during collection !!!!!!!!!!!!!!!!!!!!
============================== 1 error in 0.32s ===============================
